// Jest Snapshot v1, https://goo.gl/fbAQLP

exports[`App snapshot renders the loading screen 1`] = `null`;

exports[`App snapshot renders the root without loading screen 1`] = `
<View
  style={
    Object {
      "backgroundColor": "#fff",
      "flex": 1,
    }
  }
>
  <View
    onLayout={[Function]}
    style={
      Object {
        "flex": 1,
      }
    }
  >
    <View
      enabled={false}
      hitSlop={
        Object {
          "right": 50,
        }
      }
      maxDeltaY={20}
      minOffsetX={5}
      onGestureEvent={[Function]}
      onHandlerStateChange={[Function]}
    >
      <View
        style={
          Object {
            "backgroundColor": "#eee",
            "flex": 1,
            "flexDirection": "column-reverse",
            "overflow": "hidden",
          }
        }
      >
        <View
          style={
            Object {
              "flex": 1,
            }
          }
        >
          <View
            pointerEvents="auto"
            style={
              Object {
                "bottom": 0,
                "left": 0,
                "opacity": 1,
                "position": "absolute",
                "right": 0,
                "top": 0,
                "transform": Array [
                  Object {
                    "translateX": 0,
                  },
                  Object {
                    "translateY": 0,
                  },
                ],
              }
            }
          >
            <View
              accessibilityElementsHidden={false}
              style={
                Object {
                  "backgroundColor": "#fff",
                  "flex": 1,
                }
              }
            >
              <View
                style={
                  Object {
                    "backgroundColor": "#388CAB",
                    "flex": 1,
                    "paddingTop": 75,
                  }
                }
              >
                <View
                  style={
                    Object {
                      "flex": 1,
                      "overflow": "visible",
                      "zIndex": 2,
                    }
                  }
                >
                  <Text
                    style={
                      Object {
                        "color": "white",
                        "fontFamily": "Raleway-Light",
                        "fontSize": 30,
                        "marginLeft": 30,
                      }
                    }
                  >
                    BOOST
                  </Text>
                  <View
                    style={
                      Object {
                        "alignItems": "center",
                        "overflow": "visible",
                      }
                    }
                  >
                    <Image
                      source={1}
                      style={
                        Object {
                          "height": 480,
                          "marginTop": 20,
                          "width": 264,
                        }
                      }
                    />
                  </View>
                </View>
                <View>
                  <View
                    accessibilityIgnoresInvertColors={true}
                    style={
                      Object {
                        "height": 456,
                        "width": 750,
                      }
                    }
                  >
                    <Image
                      source={1}
                      style={
                        Array [
                          Object {
                            "bottom": 0,
                            "left": 0,
                            "position": "absolute",
                            "right": 0,
                            "top": 0,
                          },
                          Object {
                            "height": 456,
                            "width": 750,
                          },
                          undefined,
                        ]
                      }
                    />
                  </View>
                </View>
                <View
                  style={
                    Object {
                      "alignItems": "center",
                      "bottom": 75,
                      "left": 0,
                      "position": "absolute",
                      "right": 0,
                      "zIndex": 3,
                    }
                  }
                >
                  <View
                    accessible={true}
                    isTVSelectable={true}
                    onResponderGrant={[Function]}
                    onResponderMove={[Function]}
                    onResponderRelease={[Function]}
                    onResponderTerminate={[Function]}
                    onResponderTerminationRequest={[Function]}
                    onStartShouldSetResponder={[Function]}
                    style={
                      Object {
                        "opacity": 1,
                      }
                    }
                  >
                    <Image
                      source={1}
                      style={
                        Object {
                          "height": 55,
                          "width": 250,
                        }
                      }
                    />
                  </View>
                </View>
              </View>
            </View>
          </View>
        </View>
        <View
          onLayout={[Function]}
          pointerEvents="box-none"
          style={
            Object {
              "left": 0,
              "position": "absolute",
              "right": 0,
              "top": 0,
            }
          }
        >
          <View
            style={
              Object {
                "backgroundColor": "#FFF",
                "transform": Array [
                  Object {
                    "translateX": -750,
                  },
                ],
              }
            }
          >
            <View
              onLayout={[Function]}
              pointerEvents="box-none"
              style={
                Object {
                  "backgroundColor": "#FFF",
                  "borderBottomColor": "#A7A7AA",
                  "borderBottomWidth": 0.5,
                  "height": 64,
                  "paddingBottom": 0,
                  "paddingLeft": 0,
                  "paddingRight": 0,
                  "paddingTop": 20,
                }
              }
            >
              <View
                style={
                  Object {
                    "flex": 1,
                  }
                }
              />
            </View>
          </View>
        </View>
      </View>
    </View>
  </View>
</View>
`;
